[cidgrowthmedia.com/index.html]
[images.irscdn.icu/js/nicedit/upload/c80af00eaa98e5e8bc171b4b4d5c39d1.png]
[backblue.gif]
[fade.gif]
[index.html]
[cdnjs.cloudflare.com/ajax/libs/font-awesome/5.15.2/css/all.min.css]
[cdn.jsdelivr.net/npm/slick-carousel@1.8.1/slick/slick.css]
[cdn.jsdelivr.net/npm/slick-carousel@1.8.1/slick/slick-theme.css]
[irscdn.icu/smm/css/bootstrap.css]
[irscdn.icu/smm/css/style3f56.css]
[cdnjs.cloudflare.com/ajax/libs/font-awesome/4.7.0/css/font-awesome.css]
[irscdn.icu/css/my-style7b30.css]
[cidgrowthmedia.com/services.html]
[cidgrowthmedia.com/page/faqs.html]
[cidgrowthmedia.com/register.html]
[cidgrowthmedia.com/api.html]
[cidgrowthmedia.com/page/terms-and-conditions.html]
[cidgrowthmedia.com/password/reset.html]
[images.irscdn.icu/smm/images/eWIjYmk3860.png]
[images.irscdn.icu/smm/images/w74G3Nw.png]
[images.irscdn.icu/smm/images/KfhaVKp.png]
[images.irscdn.icu/smm/images/5lGrnOt.png]
[images.irscdn.icu/smm/images/g44xYWV.png]
[images.irscdn.icu/smm/images/YLfHh2V.png]
[images.irscdn.icu/smm/images/GfSxNvF.png]
[images.irscdn.icu/smm/images/kt8U9DI.png]
[images.irscdn.icu/smm/images/FWucr0F3860.png]
[images.irscdn.icu/smm/images/v8LlDWy3860.png]
[images.irscdn.icu/smm/images/BbE8hy7.png]
[images.irscdn.icu/smm/images/53iYxPi.png]
[images.irscdn.icu/smm/images/uSNrfHy.png]
[images.irscdn.icu/smm/images/MEHmR6R.png]
[images.irscdn.icu/smm/images/l04oQAH.png]
[images.irscdn.icu/smm/images/yMnS96x.png]
[images.irscdn.icu/smm/images/POb2YD9.png]
[images.irscdn.icu/smm/images/vwaGhhi3860.png]
[images.irscdn.icu/smm/images/mOUTO9I.png]
[images.irscdn.icu/smm/images/pQN6Sw5.png]
[images.irscdn.icu/smm/images/zpNbOgO.png]
[images.irscdn.icu/smm/images/oMYMjpq.png]
[images.irscdn.icu/smm/images/p0ebJv8.png]
[images.irscdn.icu/smm/images/f75SZZS.png]
[images.irscdn.icu/smm/images/4pLMHLT.png]
[images.irscdn.icu/smm/images/whWMMEQ3860.png]
[code.jquery.com/jquery-1.12.4.min.js]
[irscdn.icu/smm/js/underscore-min.js]
[irscdn.icu/smm/js/mainfd2f.js]
[irscdn.icu/smm/js/script.js]
[irscdn.icu/smm/js/bootstrap.js]
[unpkg.com/sweetalert2@7.19.3/dist/sweetalert2.all.js]
[cdn.jsdelivr.net/npm/slick-carousel@1.8.1/slick/slick.min.js]
[www.google.com/recaptcha/api9a29.js]
[cidgrowthmedia.com/index.html]
[cdnjs.cloudflare.com/ajax/libs/font-awesome/5.15.2/css/all.min.css]
[cdn.jsdelivr.net/npm/slick-carousel@1.8.1/slick/slick.css]
[cdn.jsdelivr.net/npm/slick-carousel@1.8.1/slick/ajax-loader.gif]
[cdn.jsdelivr.net/npm/slick-carousel@1.8.1/slick/fonts/slick.eot]
[cdn.jsdelivr.net/npm/slick-carousel@1.8.1/slick/fonts/slickd41d.eot]
[cdn.jsdelivr.net/npm/slick-carousel@1.8.1/slick/fonts/slick.woff]
[cdn.jsdelivr.net/npm/slick-carousel@1.8.1/slick/fonts/slick.ttf]
[cdn.jsdelivr.net/npm/slick-carousel@1.8.1/slick/fonts/slick.svg]
[cdn.jsdelivr.net/npm/slick-carousel@1.8.1/slick/slick-theme.css]
[irscdn.icu/smm/css/bootstrap.css]
[irscdn.icu/smm/css/style3f56.css]
[cdnjs.cloudflare.com/ajax/libs/font-awesome/4.7.0/css/font-awesome.css]
[irscdn.icu/images/details_open.png]
[irscdn.icu/images/details_close.png]
[irscdn.icu/css/my-style7b30.css]
[images.irscdn.icu/smm/images/whWMMEQ.png]
[cidgrowthmedia.com/services.html]
[cidgrowthmedia.com/page/faqs.html]
[cidgrowthmedia.com/register.html]
[cdnjs.cloudflare.com/ajax/libs/bootbox.js/4.4.0/bootbox.min.js]
[cidgrowthmedia.com/api.html]
[cidgrowthmedia.com/page/terms-and-conditions.html]
[cidgrowthmedia.com/password/reset.html]
[cidgrowthmedia.com/example.txt]
[irscdn.icu/smm/js/underscore-min.js]
[irscdn.icu/smm/js/mainfd2f.js]
[irscdn.icu/smm/js/script.js]
[cidgrowthmedia.com/Popover requires tooltip.js]
[irscdn.icu/smm/js/bootstrap.js]
[cidgrowthmedia.com/login/google.html]
[cdn.jsdelivr.net/npm/slick-carousel@1.8.1/slick/fonts/slick.svg]
[cidgrowthmedia.com/Popover requires tooltip.html]
